// Jest Snapshot v1, https://goo.gl/fbAQLP

exports[`Pruebas en Entry Component debe de hacer match con el snapshot 1`] = `
<div class="entry-container mb-3 pointer p-2">
  <!--Title-->
  <div class="entry-title d-flex"><span class="text-success fs-5 fw-bold">9</span><span class="mx-1 fs-5">Diciembre</span><span class="mx-2 fs-5 fw-light">2021, Jueves</span></div>
  <div class="entry-description">nueva entrada...</div>
</div>
`;
