// Jest Snapshot v1, https://goo.gl/fbAQLP

exports[`PokemonOptions component Debe hacer match con el snapshot 1`] = `
<div class="options-container">
  <ul>
    <li>Pikachu</li>
    <li>charmander</li>
    <li>venusaur</li>
    <li>mew</li>
  </ul>
</div>
`;
